Copyright 1986-2020 Xilinx, Inc. All Rights Reserved.
---------------------------------------------------------------------------------------
| Tool Version : Vivado v.2020.2 (win64) Build 3064766 Wed Nov 18 09:12:45 MST 2020
| Date         : Sun Feb 22 16:21:06 2026
| Host         : asdf running 64-bit major release  (build 9200)
| Command      : report_control_sets -verbose -file Top_module_control_sets_placed.rpt
| Design       : Top_module
| Device       : xc7a35t
---------------------------------------------------------------------------------------

Control Set Information

Table of Contents
-----------------
1. Summary
2. Histogram
3. Flip-Flop Distribution
4. Detailed Control Set Information

1. Summary
----------

+----------------------------------------------------------+-------+
|                          Status                          | Count |
+----------------------------------------------------------+-------+
| Total control sets                                       |    36 |
|    Minimum number of control sets                        |    36 |
|    Addition due to synthesis replication                 |     0 |
|    Addition due to physical synthesis replication        |     0 |
| Unused register locations in slices containing registers |    85 |
+----------------------------------------------------------+-------+
* Control sets can be merged at opt_design using control_set_merge or merge_equivalent_drivers
** Run report_qor_suggestions for automated merging and remapping suggestions


2. Histogram
------------

+--------------------+-------+
|       Fanout       | Count |
+--------------------+-------+
| Total control sets |    36 |
| >= 0 to < 4        |     2 |
| >= 4 to < 6        |     5 |
| >= 6 to < 8        |     9 |
| >= 8 to < 10       |     9 |
| >= 10 to < 12      |     0 |
| >= 12 to < 14      |     1 |
| >= 14 to < 16      |     2 |
| >= 16              |     8 |
+--------------------+-------+
* Control sets can be remapped at either synth_design or opt_design


3. Flip-Flop Distribution
-------------------------

+--------------+-----------------------+------------------------+-----------------+--------------+
| Clock Enable | Synchronous Set/Reset | Asynchronous Set/Reset | Total Registers | Total Slices |
+--------------+-----------------------+------------------------+-----------------+--------------+
| No           | No                    | No                     |              31 |           10 |
| No           | No                    | Yes                    |             400 |          134 |
| No           | Yes                   | No                     |               0 |            0 |
| Yes          | No                    | No                     |              21 |           14 |
| Yes          | No                    | Yes                    |             244 |           85 |
| Yes          | Yes                   | No                     |              19 |            9 |
+--------------+-----------------------+------------------------+-----------------+--------------+


4. Detailed Control Set Information
-----------------------------------

+---------------------------------------+------------------------------------------------------------------------------------+--------------------------------------------+------------------+----------------+--------------+
|              Clock Signal             |                                    Enable Signal                                   |              Set/Reset Signal              | Slice Load Count | Bel Load Count | Bels / Slice |
+---------------------------------------+------------------------------------------------------------------------------------+--------------------------------------------+------------------+----------------+--------------+
|  clk_IBUF_BUFG                        | U_UART_TOP/U_TX/n_tx_out                                                           | reset_IBUF                                 |                1 |              1 |         1.00 |
|  U_FND_CNTL/U_CLK_DIVIDER/CLK         |                                                                                    | reset_IBUF                                 |                1 |              3 |         3.00 |
|  clk_IBUF_BUFG                        | U_UART_TOP/U_RX/n_baud_cnt                                                         | reset_IBUF                                 |                2 |              4 |         2.00 |
|  clk_IBUF_BUFG                        | U_UART_TOP/U_TX/n_baud_cnt                                                         | reset_IBUF                                 |                1 |              4 |         4.00 |
|  clk_IBUF_BUFG                        | U_ASCII_SENDER/char_idx[4]_i_1_n_0                                                 | reset_IBUF                                 |                1 |              5 |         5.00 |
|  clk_IBUF_BUFG                        | U_CONTROL_UNIT_TOP/U_WATCH_STW_CTRL/U_SW_CTRL/FSM_onehot_current_state_reg[2]_4[0] | reset_IBUF                                 |                2 |              5 |         2.50 |
|  clk_IBUF_BUFG                        | U_TOP_DP/U_WATCH_DP/U_ACCEL_DOWN/E[0]                                              | reset_IBUF                                 |                2 |              5 |         2.50 |
|  clk_IBUF_BUFG                        | U_TOP_FIFO/U_FIFO_CNTL/E[0]                                                        | reset_IBUF                                 |                2 |              6 |         3.00 |
|  clk_IBUF_BUFG                        | U_TOP_FIFO/U_FIFO_CNTL/w_real_pop                                                  | reset_IBUF                                 |                2 |              6 |         3.00 |
|  clk_IBUF_BUFG                        | U_CONTROL_UNIT_TOP/U_WATCH_STW_CTRL/U_SW_CTRL/FSM_onehot_current_state_reg[2]_3[0] | reset_IBUF                                 |                3 |              6 |         2.00 |
|  clk_IBUF_BUFG                        | U_CONTROL_UNIT_TOP/U_WATCH_STW_CTRL/U_SW_CTRL/FSM_onehot_current_state_reg[2]_2[0] | reset_IBUF                                 |                3 |              6 |         2.00 |
|  clk_IBUF_BUFG                        | U_CONTROL_UNIT_TOP/U_DHT11_CNRL/bit_cnt_next                                       | reset_IBUF                                 |                2 |              6 |         3.00 |
|  clk_IBUF_BUFG                        | U_TOP_DP/U_WATCH_DP/U_ACCEL_DOWN/o_pulse_reg_0[0]                                  | reset_IBUF                                 |                3 |              6 |         2.00 |
|  clk_IBUF_BUFG                        | U_TOP_DP/U_WATCH_DP/U_CNT_MSEC/E[0]                                                | reset_IBUF                                 |                3 |              6 |         2.00 |
|  clk_IBUF_BUFG                        | U_CONTROL_UNIT_TOP/U_WATCH_STW_CTRL/U_WATCH_CTRL/E[0]                              | reset_IBUF                                 |                2 |              7 |         3.50 |
|  clk_IBUF_BUFG                        | U_CONTROL_UNIT_TOP/U_WATCH_STW_CTRL/U_SW_CTRL/FSM_onehot_current_state_reg[2]_1[0] | reset_IBUF                                 |                4 |              7 |         1.75 |
|  U_BTN/U_BTN_D/clk_100khz_reg_reg_n_0 |                                                                                    | reset_IBUF                                 |                2 |              8 |         4.00 |
|  U_BTN/U_BTN_L/clk_100khz_reg         |                                                                                    | reset_IBUF                                 |                3 |              8 |         2.67 |
|  U_BTN/U_BTN_R/clk_100khz_reg_reg_n_0 |                                                                                    | reset_IBUF                                 |                2 |              8 |         4.00 |
|  U_BTN/U_BTN_C/clk_100khz_reg_reg_n_0 |                                                                                    | reset_IBUF                                 |                3 |              8 |         2.67 |
|  clk_IBUF_BUFG                        | U_UART_TOP/U_TX/n_tx_buf                                                           | reset_IBUF                                 |                1 |              8 |         8.00 |
|  clk_IBUF_BUFG                        | U_CONTROL_UNIT_TOP/U_DHT11_CNRL/U_TICK_1u/tick_cnt_reg_reg[1][0]                   | reset_IBUF                                 |                3 |              8 |         2.67 |
|  U_BTN/U_BTN_U/clk_100khz_reg_reg_n_0 |                                                                                    | reset_IBUF                                 |                1 |              8 |         8.00 |
|  clk_IBUF_BUFG                        | U_UART_TOP/U_RX/n_rx_buf                                                           | reset_IBUF                                 |                4 |              8 |         2.00 |
|  clk_IBUF_BUFG                        | U_CONTROL_UNIT_TOP/FSM_onehot_state_reg[0]                                         |                                            |                7 |              9 |         1.29 |
|  clk_IBUF_BUFG                        | U_ASCII_SENDER/char_buf[0][2]_i_2_n_0                                              |                                            |                7 |             12 |         1.71 |
|  clk_IBUF_BUFG                        | U_CONTROL_UNIT_TOP/U_SRO4_CNRL/u_tick/E[0]                                         | reset_IBUF                                 |                5 |             15 |         3.00 |
|  clk_IBUF_BUFG                        | U_CONTROL_UNIT_TOP/U_DHT11_CNRL/U_TICK_1u/E[0]                                     | reset_IBUF                                 |                5 |             15 |         3.00 |
|  clk_IBUF_BUFG                        | U_TOP_FIFO/U_FIFO_CNTL/E[0]                                                        |                                            |                2 |             16 |         8.00 |
|  clk_IBUF_BUFG                        | U_ASCII_SENDER/char_buf[0][2]_i_2_n_0                                              | U_CONTROL_UNIT_TOP/r_display_mode_reg[1]_9 |                9 |             19 |         2.11 |
|  clk_IBUF_BUFG                        | U_UART_TOP/U_RX/c_rx_buf_reg[7]_4                                                  | reset_IBUF                                 |                5 |             20 |         4.00 |
|  clk_IBUF_BUFG                        | U_TOP_DP/U_WATCH_DP/U_ACCEL_UP/repeat_timer[24]_i_1_n_0                            | reset_IBUF                                 |               11 |             25 |         2.27 |
|  clk_IBUF_BUFG                        | U_TOP_DP/U_WATCH_DP/U_ACCEL_DOWN/repeat_timer[24]_i_1__0_n_0                       | reset_IBUF                                 |                8 |             25 |         3.12 |
|  clk_IBUF_BUFG                        |                                                                                    |                                            |               10 |             31 |         3.10 |
|  clk_IBUF_BUFG                        | U_CONTROL_UNIT_TOP/U_DHT11_CNRL/data_next                                          | reset_IBUF                                 |               10 |             40 |         4.00 |
|  clk_IBUF_BUFG                        |                                                                                    | reset_IBUF                                 |              122 |            357 |         2.93 |
+---------------------------------------+------------------------------------------------------------------------------------+--------------------------------------------+------------------+----------------+--------------+


